// Jest Snapshot v1, https://goo.gl/fbAQLP

exports[`should renders app 1`] = `
<div
  className="App"
>
  <div>
    search
  </div>
</div>
`;
