// Jest Snapshot v1, https://goo.gl/fbAQLP

exports[`<BooksList/> should render book list 1`] = `null`;
